Component: ARM Compiler 5.06 update 7 (build 960) Tool: armlink [4d3601]

==============================================================================

Section Cross References

    main.o(.text) refers to _printf_pad.o(.text) for _printf_pre_padding
    main.o(.text) refers to _printf_percent.o(.ARM.Collect$$_printf_percent$$00000000) for _printf_percent
    main.o(.text) refers to _printf_x.o(.ARM.Collect$$_printf_percent$$0000000C) for _printf_x
    main.o(.text) refers to _printf_hex_int_ll_ptr.o(.text) for _printf_longlong_hex
    main.o(.text) refers to _printf_d.o(.ARM.Collect$$_printf_percent$$00000009) for _printf_d
    main.o(.text) refers to _printf_dec.o(.text) for _printf_int_dec
    main.o(.text) refers to os_mutex.o(.text) for OSMutexPend
    main.o(.text) refers to vprintf.o(.text) for vprintf
    main.o(.text) refers to delay.o(.text) for delay_ms
    main.o(.text) refers to os_task.o(.text) for OSTaskStkChk
    main.o(.text) refers to mpu6050.o(.text) for MPU6050_Init
    main.o(.text) refers to inv_mpu.o(.text) for mpu_dmp_init
    main.o(.text) refers to f2d.o(x$fpl$f2d) for __aeabi_f2d
    main.o(.text) refers to stm32f4xx_gpio.o(.text) for GPIO_ResetBits
    main.o(.text) refers to rt_memclr_w.o(.text) for __aeabi_memclr4
    main.o(.text) refers to stm32f4xx_rtc.o(.text) for RTC_GetTime
    main.o(.text) refers to __2sprintf.o(.text) for __2sprintf
    main.o(.text) refers to my_gui.o(.text) for lv_get_time
    main.o(.text) refers to strstr.o(.text) for strstr
    main.o(.text) refers to strtok.o(.text) for strtok
    main.o(.text) refers to atoi.o(.text) for atoi
    main.o(.text) refers to usart.o(.text) for usart3_send
    main.o(.text) refers to main.o(.bss) for .bss
    main.o(.text) refers to rtc.o(.data) for g_rtc_alarm_a_event
    main.o(.text) refers to main.o(.data) for .data
    main.o(.text) refers to usart.o(.data) for g_usart3_event
    main.o(.text) refers to usart.o(.bss) for g_usart3_buf
    main.o(.text) refers to __2printf.o(.text) for __2printf
    main.o(.text) refers to dht11.o(.text) for dht11_read
    main.o(.text) refers to rt_memclr.o(.text) for __aeabi_memclr
    main.o(.text) refers to lv_timer.o(.text) for lv_timer_handler
    main.o(.text) refers to misc.o(.text) for NVIC_PriorityGroupConfig
    main.o(.text) refers to led.o(.text) for LED_Init
    main.o(.text) refers to key.o(.text) for KEY_Init
    main.o(.text) refers to rtc.o(.text) for rtc_flash_write
    main.o(.text) refers to lv_obj.o(.text) for lv_init
    main.o(.text) refers to lv_port_disp_template.o(.text) for lv_port_disp_init
    main.o(.text) refers to lv_port_indev_template.o(.text) for lv_port_indev_init
    main.o(.text) refers to os_core.o(.text) for OSInit
    system_stm32f4xx.o(.text) refers to system_stm32f4xx.o(.data) for .data
    led.o(.text) refers to stm32f4xx_rcc.o(.text) for RCC_AHB1PeriphClockCmd
    led.o(.text) refers to stm32f4xx_gpio.o(.text) for GPIO_Init
    lcd.o(.text) refers to _printf_percent.o(.ARM.Collect$$_printf_percent$$00000000) for _printf_percent
    lcd.o(.text) refers to _printf_x.o(.ARM.Collect$$_printf_percent$$0000000C) for _printf_x
    lcd.o(.text) refers to _printf_hex_int_ll_ptr.o(.text) for _printf_longlong_hex
    lcd.o(.text) refers to delay.o(.text) for delay_us
    lcd.o(.text) refers to lcd.o(.bss) for .bss
    lcd.o(.text) refers to lcd.o(.data) for .data
    lcd.o(.text) refers to dflt_clz.o(x$fpl$dfltu) for __aeabi_ui2d
    lcd.o(.text) refers to dmul.o(x$fpl$dmul) for __aeabi_dmul
    lcd.o(.text) refers to dfixu.o(x$fpl$dfixu) for __aeabi_d2uiz
    lcd.o(.text) refers to stm32f4xx_rcc.o(.text) for RCC_AHB1PeriphClockCmd
    lcd.o(.text) refers to stm32f4xx_gpio.o(.text) for GPIO_Init
    lcd.o(.text) refers to stm32f4xx_fsmc.o(.text) for FSMC_NORSRAMInit
    lcd.o(.text) refers to __2printf.o(.text) for __2printf
    lcd.o(.text) refers to lcd.o(.constdata) for .constdata
    key.o(.text) refers to stm32f4xx_rcc.o(.text) for RCC_AHB1PeriphClockCmd
    key.o(.text) refers to stm32f4xx_gpio.o(.text) for GPIO_Init
    key.o(.text) refers to delay.o(.text) for delay_ms
    key.o(.text) refers to key.o(.data) for .data
    myiic.o(.text) refers to stm32f4xx_rcc.o(.text) for RCC_AHB1PeriphClockCmd
    myiic.o(.text) refers to stm32f4xx_gpio.o(.text) for GPIO_Init
    myiic.o(.text) refers to delay.o(.text) for delay_us
    24cxx.o(.text) refers to myiic.o(.text) for IIC_Init
    24cxx.o(.text) refers to delay.o(.text) for delay_ms
    ctiic.o(.text) refers to delay.o(.text) for delay_us
    ctiic.o(.text) refers to stm32f4xx_rcc.o(.text) for RCC_AHB1PeriphClockCmd
    ctiic.o(.text) refers to stm32f4xx_gpio.o(.text) for GPIO_Init
    gt9147.o(.text) refers to _printf_percent.o(.ARM.Collect$$_printf_percent$$00000000) for _printf_percent
    gt9147.o(.text) refers to _printf_s.o(.ARM.Collect$$_printf_percent$$00000014) for _printf_s
    gt9147.o(.text) refers to _printf_str.o(.text) for _printf_str
[...]
    OSTmrUpdateCnt                           0x20000420   Data           4  os_var.o(.data)
    OSTmrUpdateCtr                           0x20000424   Data           4  os_var.o(.data)
    OSTCBCurPtr                              0x20000428   Data           4  os_var.o(.data)
    OSTCBHighRdyPtr                          0x2000042c   Data           4  os_var.o(.data)
    OS_CPU_ExceptStkBase                     0x20000430   Data           4  os_cpu_c.o(.data)
    Task1_TCB                                0x20000438   Data         196  main.o(.bss)
    task1_stk                                0x200004fc   Data        4096  main.o(.bss)
    Task2_TCB                                0x200014fc   Data         196  main.o(.bss)
    task2_stk                                0x200015c0   Data        2048  main.o(.bss)
    Task_MPU_TCB                             0x20001dc0   Data         196  main.o(.bss)
    task_mpu_stk                             0x20001e84   Data        2048  main.o(.bss)
    Task_Dht11_TCB                           0x20002684   Data         196  main.o(.bss)
    task_dht11_stk                           0x20002748   Data        2048  main.o(.bss)
    Task_RTC_TCB                             0x20002f48   Data         196  main.o(.bss)
    task_rtc_stk                             0x2000300c   Data        2048  main.o(.bss)
    app_task_tcb_sta                         0x2000380c   Data         196  main.o(.bss)
    app_task_stk_sta                         0x200038d0   Data        2048  main.o(.bss)
    g_lvmux                                  0x200040d0   Data          44  main.o(.bss)
    g_lvget_data                             0x200040fc   Data          44  main.o(.bss)
    g_mutex_printf                           0x20004128   Data          44  main.o(.bss)
    lcddev                                   0x20004154   Data          14  lcd.o(.bss)
    g_usart1_buf                             0x20004174   Data         128  usart.o(.bss)
    g_usart3_buf                             0x200041f4   Data          32  usart.o(.bss)
    g_usart2_buf                             0x20004214   Data          32  usart.o(.bss)
    _lv_timer_ll                             0x2000da20   Data          12  lv_gc.o(.bss)
    _lv_disp_ll                              0x2000da2c   Data          12  lv_gc.o(.bss)
    _lv_indev_ll                             0x2000da38   Data          12  lv_gc.o(.bss)
    _lv_fsdrv_ll                             0x2000da44   Data          12  lv_gc.o(.bss)
    _lv_anim_ll                              0x2000da50   Data          12  lv_gc.o(.bss)
    _lv_group_ll                             0x2000da5c   Data          12  lv_gc.o(.bss)
    _lv_img_decoder_ll                       0x2000da68   Data          12  lv_gc.o(.bss)
    _lv_obj_style_trans_ll                   0x2000da74   Data          12  lv_gc.o(.bss)
    _lv_img_cache_single                     0x2000da80   Data          44  lv_gc.o(.bss)
    lv_mem_buf                               0x2000daac   Data         128  lv_gc.o(.bss)
    _lv_circle_cache                         0x2000db2c   Data         112  lv_gc.o(.bss)
    _lv_draw_mask_list                       0x2000db9c   Data         128  lv_gc.o(.bss)
    CPU_Name                                 0x20019c1c   Data          16  cpu_core.o(.bss)
    Mem_PoolHeap                             0x20019c2c   Data          72  lib_mem.o(.bss)
    Mem_Heap                                 0x20019c74   Data        1024  lib_mem.o(.bss)
    OSCfg_IdleTaskStk                        0x2001a074   Data         512  os_cfg_app.o(.bss)
    OSCfg_IntQ                               0x2001a274   Data         320  os_cfg_app.o(.bss)
    OSCfg_IntQTaskStk                        0x2001a3b4   Data         512  os_cfg_app.o(.bss)
    OSCfg_ISRStk                             0x2001a5b4   Data         512  os_cfg_app.o(.bss)
    OSCfg_MsgPool                            0x2001a7b4   Data        1600  os_cfg_app.o(.bss)
    OSCfg_TickTaskStk                        0x2001adf4   Data         512  os_cfg_app.o(.bss)
    OSCfg_TickWheel                          0x2001aff4   Data         136  os_cfg_app.o(.bss)
    OSCfg_TmrTaskStk                         0x2001b07c   Data         512  os_cfg_app.o(.bss)
    OSCfg_TmrWheel                           0x2001b27c   Data         136  os_cfg_app.o(.bss)
    OSIdleTaskTCB                            0x2001b304   Data         196  os_var.o(.bss)
    OSIntQTaskTCB                            0x2001b3c8   Data         196  os_var.o(.bss)
    OSMsgPool                                0x2001b48c   Data          12  os_var.o(.bss)
    OSRdyList                                0x2001b498   Data         768  os_var.o(.bss)
    OSTickTaskTCB                            0x2001b798   Data         196  os_var.o(.bss)
    OSTmrTaskTCB                             0x2001b85c   Data         196  os_var.o(.bss)
    __libspace_start                         0x2001b920   Data          96  libspace.o(.bss)
    __temporary_stack_top$libspace           0x2001b980   Data           0  libspace.o(.bss)



==============================================================================

Memory Map of the image

  Image Entry point : 0x08000189

  Load Region LR_IROM1 (Base: 0x08000000, Size: 0x00054f24, Max: 0x00100000, ABSOLUTE, COMPRESSED[0x00054be8])

    Execution Region ER_IROM1 (Exec base: 0x08000000, Load base: 0x08000000, Size: 0x00054aec, Max: 0x00100000, ABSOLUTE)

    Exec Addr    Load Addr    Size         Type   Attr      Idx    E Section Name        Object

    0x08000000   0x08000000   0x00000188   Data   RO         1849    RESET               startup_stm32f40_41xxx.o
    0x08000188   0x08000188   0x00000008   Code   RO        23670  * !!!main             c_w.l(__main.o)
    0x08000190   0x08000190   0x00000034   Code   RO        24100    !!!scatter          c_w.l(__scatter.o)
    0x080001c4   0x080001c4   0x0000005a   Code   RO        24098    !!dczerorl2         c_w.l(__dczerorl2.o)
    0x0800021e   0x0800021e   0x00000002   PAD
    0x08000220   0x08000220   0x0000001c   Code   RO        24102    !!handler_zi        c_w.l(__scatter_zi.o)
    0x0800023c   0x0800023c   0x00000000   Code   RO        23634    .ARM.Collect$$_printf_percent$$00000000  c_w.l(_printf_percent.o)
    0x0800023c   0x0800023c   0x00000006   Code   RO        23780    .ARM.Collect$$_printf_percent$$00000001  c_w.l(_printf_n.o)
    0x08000242   0x08000242   0x00000006   Code   RO        23781    .ARM.Collect$$_printf_percent$$00000002  c_w.l(_printf_p.o)
    0x08000248   0x08000248   0x00000006   Code   RO        23785    .ARM.Collect$$_printf_percent$$00000003  c_w.l(_printf_f.o)
    0x0800024e   0x0800024e   0x00000006   Code   RO        23786    .ARM.Collect$$_printf_percent$$00000004  c_w.l(_printf_e.o)
    0x08000254   0x08000254   0x00000006   Code   RO        23787    .ARM.Collect$$_printf_percent$$00000005  c_w.l(_printf_g.o)
    0x0800025a   0x0800025a   0x00000006   Code   RO        23788    .ARM.Collect$$_printf_percent$$00000006  c_w.l(_printf_a.o)
    0x08000260   0x08000260   0x0000000a   Code   RO        23793    .ARM.Collect$$_printf_percent$$00000007  c_w.l(_printf_ll.o)
    0x0800026a   0x0800026a   0x00000006   Code   RO        23783    .ARM.Collect$$_printf_percent$$00000008  c_w.l(_printf_i.o)
    0x08000270   0x08000270   0x00000006   Code   RO        23633    .ARM.Collect$$_printf_percent$$00000009  c_w.l(_printf_d.o)
    0x08000276   0x08000276   0x00000006   Code   RO        23784    .ARM.Collect$$_printf_percent$$0000000A  c_w.l(_printf_u.o)
    0x0800027c   0x0800027c   0x00000006   Code   RO        23782    .ARM.Collect$$_printf_percent$$0000000B  c_w.l(_printf_o.o)
    0x08000282   0x08000282   0x00000006   Code   RO        23632    .ARM.Collect$$_printf_percent$$0000000C  c_w.l(_printf_x.o)
    0x08000288   0x08000288   0x00000006   Code   RO        23790    .ARM.Collect$$_printf_percent$$0000000D  c_w.l(_printf_lli.o)
    0x0800028e   0x0800028e   0x00000006   Code   RO        23791    .ARM.Collect$$_printf_percent$$0000000E  c_w.l(_printf_lld.o)
    0x08000294   0x08000294   0x00000006   Code   RO        23792    .ARM.Collect$$_printf_percent$$0000000F  c_w.l(_printf_llu.o)
    0x0800029a   0x0800029a   0x00000006   Code   RO        23797    .ARM.Collect$$_printf_percent$$00000010  c_w.l(_printf_llo.o)
    0x080002a0   0x080002a0   0x00000006   Code   RO        23798    .ARM.Collect$$_printf_percent$$00000011  c_w.l(_printf_llx.o)
    0x080002a6   0x080002a6   0x0000000a   Code   RO        23794    .ARM.Collect$$_printf_percent$$00000012  c_w.l(_printf_l.o)
    0x080002b0   0x080002b0   0x00000006   Code   RO        23779    .ARM.Collect$$_printf_percent$$00000013  c_w.l(_printf_c.o)
    0x080002b6   0x080002b6   0x00000006   Code   RO        23631    .ARM.Collect$$_printf_percent$$00000014  c_w.l(_printf_s.o)
    0x080002bc   0x080002bc   0x00000006   Code   RO        23795    .ARM.Collect$$_printf_percent$$00000015  c_w.l(_printf_lc.o)
    0x080002c2   0x080002c2   0x00000006   Code   RO        23796    .ARM.Collect$$_printf_percent$$00000016  c_w.l(_printf_ls.o)
    0x080002c8   0x080002c8   0x00000004   Code   RO        23789    .ARM.Collect$$_printf_percent$$00000017  c_w.l(_printf_percent_end.o)
    0x080002cc   0x080002cc   0x00000002   Code   RO        23981    .ARM.Collect$$libinit$$00000000  c_w.l(libinit.o)
    0x080002ce   0x080002ce   0x00000004   Code   RO        23992    .ARM.Collect$$libinit$$00000001  c_w.l(libinit2.o)
    0x080002d2   0x080002d2   0x00000000   Code   RO        23995    .ARM.Collect$$libinit$$00000004  c_w.l(libinit2.o)
    0x080002d2   0x080002d2   0x00000000   Code   RO        23998    .ARM.Collect$$libinit$$0000000A  c_w.l(libinit2.o)
    0x080002d2   0x080002d2   0x00000000   Code   RO        24000    .ARM.Collect$$libinit$$0000000C  c_w.l(libinit2.o)
    0x080002d2   0x080002d2   0x00000000   Code   RO        24002    .ARM.Collect$$libinit$$0000000E  c_w.l(libinit2.o)
    0x080002d2   0x080002d2   0x00000006   Code   RO        24003    .ARM.Collect$$libinit$$0000000F  c_w.l(libinit2.o)
    0x080002d8   0x080002d8   0x00000000   Code   RO        24005    .ARM.Collect$$libinit$$00000011  c_w.l(libinit2.o)
    0x080002d8   0x080002d8   0x0000000c   Code   RO        24006    .ARM.Collect$$libinit$$00000012  c_w.l(libinit2.o)
    0x080002e4   0x080002e4   0x00000000   Code   RO        24007    .ARM.Collect$$libinit$$00000013  c_w.l(libinit2.o)
    0x080002e4   0x080002e4   0x00000000   Code   RO        24009    .ARM.Collect$$libinit$$00000015  c_w.l(libinit2.o)
    0x080002e4   0x080002e4   0x0000000a   Code   RO        24010    .ARM.Collect$$libinit$$00000016  c_w.l(libinit2.o)
    0x080002ee   0x080002ee   0x00000000   Code   RO        24011    .ARM.Collect$$libinit$$00000017  c_w.l(libinit2.o)
    0x080002ee   0x080002ee   0x00000000   Code   RO        24013    .ARM.Collect$$libinit$$00000019  c_w.l(libinit2.o)
    0x080002ee   0x080002ee   0x00000000   Code   RO        24015    .ARM.Collect$$libinit$$0000001B  c_w.l(libinit2.o)
    0x080002ee   0x080002ee   0x00000000   Code   RO        24017    .ARM.Collect$$libinit$$0000001D  c_w.l(libinit2.o)
    0x080002ee   0x080002ee   0x00000000   Code   RO        24019    .ARM.Collect$$libinit$$0000001F  c_w.l(libinit2.o)
    0x080002ee   0x080002ee   0x00000000   Code   RO        24021    .ARM.Collect$$libinit$$00000021  c_w.l(libinit2.o)
    0x080002ee   0x080002ee   0x00000000   Code   RO        24023    .ARM.Collect$$libinit$$00000023  c_w.l(libinit2.o)
    0x080002ee   0x080002ee   0x00000000   Code   RO        24025    .ARM.Collect$$libinit$$00000025  c_w.l(libinit2.o)
    0x080002ee   0x080002ee   0x00000000   Code   RO        24029    .ARM.Collect$$libinit$$0000002C  c_w.l(libinit2.o)
    0x080002ee   0x080002ee   0x00000000   Code   RO        24031    .ARM.Collect$$libinit$$0000002E  c_w.l(libinit2.o)
    0x080002ee   0x080002ee   0x00000000   Code   RO        24033    .ARM.Collect$$libinit$$00000030  c_w.l(libinit2.o)
    0x080002ee   0x080002ee   0x00000000   Code   RO        24035    .ARM.Collect$$libinit$$00000032  c_w.l(libinit2.o)
    0x080002ee   0x080002ee   0x00000002   Code   RO        24036    .ARM.Collect$$libinit$$00000033  c_w.l(libinit2.o)
    0x080002f0   0x080002f0   0x00000002   Code   RO        24069    .ARM.Collect$$libshutdown$$00000000  c_w.l(libshutdown.o)
    0x080002f2   0x080002f2   0x00000000   Code   RO        24079    .ARM.Collect$$libshutdown$$00000002  c_w.l(libshutdown2.o)
    0x080002f2   0x080002f2   0x00000000   Code   RO        24081    .ARM.Collect$$libshutdown$$00000004  c_w.l(libshutdown2.o)
    0x080002f2   0x080002f2   0x00000000   Code   RO        24083    .ARM.Collect$$libshutdown$$00000006  c_w.l(libshutdown2.o)
    0x080002f2   0x080002f2   0x00000000   Code   RO        24086    .ARM.Collect$$libshutdown$$00000009  c_w.l(libshutdown2.o)
    0x080002f2   0x080002f2   0x00000000   Code   RO        24089    .ARM.Collect$$libshutdown$$0000000C  c_w.l(libshutdown2.o)
    0x080002f2   0x080002f2   0x00000000   Code   RO        24091    .ARM.Collect$$libshutdown$$0000000E  c_w.l(libshutdown2.o)
    0x080002f2   0x080002f2   0x00000000   Code   RO        24094    .ARM.Collect$$libshutdown$$00000011  c_w.l(libshutdown2.o)
    0x080002f2   0x080002f2   0x00000002   Code   RO        24095    .ARM.Collect$$libshutdown$$00000012  c_w.l(libshutdown2.o)
    0x080002f4   0x080002f4   0x00000000   Code   RO        23742    .ARM.Collect$$rtentry$$00000000  c_w.l(__rtentry.o)
    0x080002f4   0x080002f4   0x00000000   Code   RO        23877    .ARM.Collect$$rtentry$$00000002  c_w.l(__rtentry2.o)
    0x080002f4   0x080002f4   0x00000006   Code   RO        23889    .ARM.Collect$$rtentry$$00000004  c_w.l(__rtentry4.o)
    0x080002fa   0x080002fa   0x00000000   Code   RO        23879    .ARM.Collect$$rtentry$$00000009  c_w.l(__rtentry2.o)
    0x080002fa   0x080002fa   0x00000004   Code   RO        23880    .ARM.Collect$$rtentry$$0000000A  c_w.l(__rtentry2.o)
    0x080002fe   0x080002fe   0x00000000   Code   RO        23882    .ARM.Collect$$rtentry$$0000000C  c_w.l(__rtentry2.o)
    0x080002fe   0x080002fe   0x00000008   Code   RO        23883    .ARM.Collect$$rtentry$$0000000D  c_w.l(__rtentry2.o)
    0x08000306   0x08000306   0x00000002   Code   RO        23986    .ARM.Collect$$rtexit$$00000000  c_w.l(rtexit.o)
    0x08000308   0x08000308   0x00000000   Code   RO        24039    .ARM.Collect$$rtexit$$00000002  c_w.l(rtexit2.o)
    0x08000308   0x08000308   0x00000004   Code   RO        24040    .ARM.Collect$$rtexit$$00000003  c_w.l(rtexit2.o)
    0x0800030c   0x0800030c   0x00000006   Code   RO        24041    .ARM.Collect$$rtexit$$00000004  c_w.l(rtexit2.o)
    0x08000312   0x08000312   0x00000002   PAD
    0x08000314   0x08000314   0x000009b8   Code   RO            3    .text               main.o
    0x08000ccc   0x08000ccc   0x0000000e   Code   RO          670    .text               stm32f4xx_it.o
    0x08000cda   0x08000cda   0x00000002   PAD
    0x08000cdc   0x08000cdc   0x0000017c   Code   RO          794    .text               system_stm32f4xx.o
    0x08000e58   0x08000e58   0x00000040   Code   RO          820    .text               led.o
    0x08000e98   0x08000e98   0x00003272   Code   RO          840    .text               lcd.o
    0x0800410a   0x0800410a   0x00000002   PAD
    0x0800410c   0x0800410c   0x00000104   Code   RO          976    .text               key.o
    0x08004210   0x08004210   0x00000334   Code   RO         1000    .text               myiic.o
    0x08004544   0x08004544   0x0000013e   Code   RO         1023    .text               24cxx.o
    0x08004682   0x08004682   0x00000002   PAD
    0x08004684   0x08004684   0x000001f8   Code   RO         1046    .text               ctiic.o
    0x0800487c   0x0800487c   0x00000380   Code   RO         1070    .text               gt9147.o
    0x08004bfc   0x08004bfc   0x000002e4   Code   RO         1115    .text               ott2001a.o
    0x08004ee0   0x08004ee0   0x00000414   Code   RO         1140    .text               ft5206.o
    0x080052f4   0x080052f4   0x00000bf8   Code   RO         1164    .text               touch.o
    0x08005eec   0x08005eec   0x0000017c   Code   RO         1609    .text               dht11.o
    0x08006068   0x08006068   0x00000298   Code   RO         1631    .text               rtc.o
    0x08006300   0x08006300   0x00001a14   Code   RO         1681    .text               inv_mpu.o
    0x08007d14   0x08007d14   0x00000ab4   Code   RO         1720    .text               inv_mpu_dmp_motion_driver.o
    0x080087c8   0x080087c8   0x000004cc   Code   RO         1756    .text               mpu6050.o
    0x08008c94   0x08008c94   0x0000010c   Code   RO         1777    .text               delay.o
    0x08008da0   0x08008da0   0x00000380   Code   RO         1817    .text               usart.o
    0x08009120   0x08009120   0x00000040   Code   RO         1850    .text               startup_stm32f40_41xxx.o
    0x08009160   0x08009160   0x000000b0   Code   RO         1856    .text               misc.o
    0x08009210   0x08009210   0x0000020c   Code   RO         1876    .text               stm32f4xx_gpio.o
    0x0800941c   0x0800941c   0x00000448   Code   RO         1896    .text               stm32f4xx_fsmc.o
    0x08009864   0x08009864   0x00000480   Code   RO         1919    .text               stm32f4xx_rcc.o
    0x08009ce4   0x08009ce4   0x00000358   Code   RO         1961    .text               stm32f4xx_usart.o
    0x0800a03c   0x0800a03c   0x000000e0   Code   RO         1981    .text               stm32f4xx_exti.o
    0x0800a11c   0x0800a11c   0x00000a4c   Code   RO         2022    .text               stm32f4xx_rtc.o
    0x0800ab68   0x0800ab68   0x00000128   Code   RO         2043    .text               stm32f4xx_pwr.o
    0x0800ac90   0x0800ac90   0x00000070   Code   RO         2063    .text               lv_port_disp_template.o
    0x0800ad00   0x0800ad00   0x00000064   Code   RO         2473    .text               lv_port_indev_template.o
    0x0800ad64   0x0800ad64   0x00000490   Code   RO         2498    .text               lv_disp.o
    0x0800b1f4   0x0800b1f4   0x0000051c   Code   RO         2663    .text               lv_event.o
    0x0800b710   0x0800b710   0x00000520   Code   RO         2806    .text               lv_group.o
    0x0800bc30   0x0800bc30   0x00000cd4   Code   RO         2962    .text               lv_indev.o
    0x0800c904   0x0800c904   0x00000af4   Code   RO         3021    .text               lv_indev_scroll.o
    0x0800d3f8   0x0800d3f8   0x00000d94   Code   RO         3109    .text               lv_obj.o
    0x0800e18c   0x0800e18c   0x000001c8   Code   RO         3217    .text               lv_obj_class.o
    0x0800e354   0x0800e354   0x00000718   Code   RO         3229    .text               lv_obj_draw.o
    0x0800ea6c   0x0800ea6c   0x0000139a   Code   RO         3376    .text               lv_obj_pos.o
    0x0800fe06   0x0800fe06   0x00000002   PAD
    0x0800fe08   0x0800fe08   0x00001088   Code   RO         3478    .text               lv_obj_scroll.o
    0x08010e90   0x08010e90   0x00000dd4   Code   RO         3582    .text               lv_obj_style.o
    0x08011c64   0x08011c64   0x00000510   Code   RO         3685    .text               lv_obj_style_gen.o
    0x08012174   0x08012174   0x00000506   Code   RO         3730    .text               lv_obj_tree.o
    0x0801267a   0x0801267a   0x00000002   PAD
    0x0801267c   0x0801267c   0x00000e78   Code   RO         3810    .text               lv_refr.o
    0x080134f4   0x080134f4   0x000000d4   Code   RO         3921    .text               lv_theme.o
    0x080135c8   0x080135c8   0x00000060   Code   RO         4317    .text               lv_draw_sw.o
    0x08013628   0x08013628   0x00000a5c   Code   RO         4451    .text               lv_draw_sw_arc.o
    0x08014084   0x08014084   0x00000cf0   Code   RO         4555    .text               lv_draw_sw_blend.o
    0x08014d74   0x08014d74   0x000003fc   Code   RO         4692    .text               lv_draw_sw_gradient.o
    0x08015170   0x08015170   0x000004cc   Code   RO         4744    .text               lv_draw_sw_img.o
    0x0801563c   0x0801563c   0x0000036c   Code   RO         4834    .text               lv_draw_sw_letter.o
    0x080159a8   0x080159a8   0x000007cc   Code   RO         4934    .text               lv_draw_sw_line.o
    0x08016174   0x08016174   0x0000027c   Code   RO         5029    .text               lv_draw_sw_polygon.o
    0x080163f0   0x080163f0   0x00001b8c   Code   RO         5097    .text               lv_draw_sw_rect.o
    0x08017f7c   0x08017f7c   0x00000002   Code   RO         5145    .text               lv_draw.o
    0x08017f7e   0x08017f7e   0x0000040e   Code   RO         5279    .text               lv_draw_arc.o
    0x0801838c   0x0801838c   0x00000364   Code   RO         5330    .text               lv_draw_img.o
    0x080186f0   0x080186f0   0x00000610   Code   RO         5446    .text               lv_draw_label.o
    0x08018d00   0x08018d00   0x00000058   Code   RO         5544    .text               lv_draw_line.o
    0x08018d58   0x08018d58   0x000014cc   Code   RO         5699    .text               lv_draw_mask.o
    0x0801a224   0x0801a224   0x000000f4   Code   RO         5765    .text               lv_draw_rect.o
    0x0801a318   0x0801a318   0x00000c3e   Code   RO         5835    .text               lv_img_buf.o
    0x0801af56   0x0801af56   0x00000002   PAD
    0x0801af58   0x0801af58   0x00000058   Code   RO         5875    .text               lv_img_cache.o
    0x0801afb0   0x0801afb0   0x000007c0   Code   RO         5918    .text               lv_img_decoder.o
    0x0801b770   0x0801b770   0x00000ae8   Code   RO         5982    .text               lv_flex.o
    0x0801c258   0x0801c258   0x00000af8   Code   RO         6151    .text               lv_grid.o
    0x0801cd50   0x0801cd50   0x00002514   Code   RO        11216    .text               lv_theme_default.o
    0x0801f264   0x0801f264   0x000004dc   Code   RO        12420    .text               lv_calendar.o
    0x0801f740   0x0801f740   0x000001b8   Code   RO        12820    .text               lv_calendar_header_arrow.o
    0x0801f8f8   0x0801f8f8   0x00000154   Code   RO        13003    .text               lv_calendar_header_dropdown.o
    0x0801fa4c   0x0801fa4c   0x00002026   Code   RO        13119    .text               lv_chart.o
    0x08021a72   0x08021a72   0x00000002   PAD
    0x08021a74   0x08021a74   0x00000a6a   Code   RO        13517    .text               lv_colorwheel.o
    0x080224de   0x080224de   0x00000002   PAD
    0x080224e0   0x080224e0   0x00000378   Code   RO        14313    .text               lv_keyboard.o
    0x08022858   0x08022858   0x00000330   Code   RO        14499    .text               lv_led.o
    0x08022b88   0x08022b88   0x00000790   Code   RO        15080    .text               lv_menu.o
    0x08023318   0x08023318   0x00000cf4   Code   RO        15258    .text               lv_meter.o
    0x0802400c   0x0802400c   0x000002b4   Code   RO        15655    .text               lv_msgbox.o
    0x080242c0   0x080242c0   0x000004a0   Code   RO        16451    .text               lv_spinbox.o
    0x08024760   0x08024760   0x000000a8   Code   RO        16849    .text               lv_spinner.o
    0x08024808   0x08024808   0x0000042a   Code   RO        17247    .text               lv_tabview.o
    0x08024c32   0x08024c32   0x00000002   PAD
    0x08024c34   0x08024c34   0x0000021c   Code   RO        17646    .text               lv_tileview.o
    0x08024e50   0x08024e50   0x00000100   Code   RO        17809    .text               lv_win.o
    0x08024f50   0x08024f50   0x0000000e   Code   RO        18208    .text               lv_extra.o
    0x08024f5e   0x08024f5e   0x00000060   Code   RO        18603    .text               lv_font.o
    0x08024fbe   0x08024fbe   0x00000002   PAD
    0x08024fc0   0x08024fc0   0x000002b0   Code   RO        19035    .text               lv_font_fmt_txt.o
    0x08025270   0x08025270   0x00000808   Code   RO        20551    .text               lv_hal_disp.o
    0x08025a78   0x08025a78   0x0000013c   Code   RO        20734    .text               lv_hal_indev.o
    0x08025bb4   0x08025bb4   0x00000030   Code   RO        20893    .text               lv_hal_tick.o
    0x08025be4   0x08025be4   0x000004e8   Code   RO        20914    .text               lv_anim.o
    0x080260cc   0x080260cc   0x0000065e   Code   RO        21008    .text               lv_area.o
    0x0802672a   0x0802672a   0x00000002   PAD
    0x0802672c   0x0802672c   0x0000004c   Code   RO        21024    .text               lv_async.o
    0x08026778   0x08026778   0x0000038c   Code   RO        21068    .text               lv_color.o
    0x08026b04   0x08026b04   0x000004c8   Code   RO        21085    .text               lv_fs.o
    0x08026fcc   0x08026fcc   0x000000b8   Code   RO        21126    .text               lv_gc.o
    0x08027084   0x08027084   0x000002b0   Code   RO        21151    .text               lv_ll.o
    0x08027334   0x08027334   0x000001d4   Code   RO        21185    .text               lv_math.o
    0x08027508   0x08027508   0x00000446   Code   RO        21200    .text               lv_mem.o
    0x0802794e   0x0802794e   0x00000002   PAD
    0x08027950   0x08027950   0x0000069c   Code   RO        21219    .text               lv_printf.o
    0x08027fec   0x08027fec   0x00000394   Code   RO        21231    .text               lv_style.o
    0x08028380   0x08028380   0x0000045a   Code   RO        21267    .text               lv_style_gen.o
    0x080287da   0x080287da   0x00000002   PAD
    0x080287dc   0x080287dc   0x00000214   Code   RO        21290    .text               lv_timer.o
    0x080289f0   0x080289f0   0x0000082e   Code   RO        21305    .text               lv_tlsf.o
    0x0802921e   0x0802921e   0x00000002   PAD
    0x08029220   0x08029220   0x000006e0   Code   RO        21318    .text               lv_txt.o
    0x08029900   0x08029900   0x00000048   Code   RO        21423    .text               lv_utils.o
    0x08029948   0x08029948   0x00000c4c   Code   RO        21438    .text               lv_arc.o
    0x0802a594   0x0802a594   0x0000085c   Code   RO        21603    .text               lv_bar.o
    0x0802adf0   0x0802adf0   0x00000034   Code   RO        21709    .text               lv_btn.o
    0x0802ae24   0x0802ae24   0x00000fa8   Code   RO        21733    .text               lv_btnmatrix.o
    0x0802bdcc   0x0802bdcc   0x000003f0   Code   RO        21922    .text               lv_checkbox.o
    0x0802c1bc   0x0802c1bc   0x00000df4   Code   RO        22016    .text               lv_dropdown.o
    0x0802cfb0   0x0802cfb0   0x00000c76   Code   RO        22115    .text               lv_img.o
    0x0802dc26   0x0802dc26   0x00000002   PAD
    0x0802dc28   0x0802dc28   0x000010b8   Code   RO        22209    .text               lv_label.o
    0x0802ece0   0x0802ece0   0x000001dc   Code   RO        22310    .text               lv_line.o
    0x0802eebc   0x0802eebc   0x00000a74   Code   RO        22335    .text               lv_roller.o
    0x0802f930   0x0802f930   0x000007c2   Code   RO        22417    .text               lv_slider.o
    0x080300f2   0x080300f2   0x00000002   PAD
    0x080300f4   0x080300f4   0x0000034c   Code   RO        22533    .text               lv_switch.o
    0x08030440   0x08030440   0x00000e44   Code   RO        22637    .text               lv_table.o
    0x08031284   0x08031284   0x00001152   Code   RO        22720    .text               lv_textarea.o
    0x080323d6   0x080323d6   0x00000002   PAD
    0x080323d8   0x080323d8   0x00001084   Code   RO        22825    .text               my_gui.o
    0x0803345c   0x0803345c   0x00000068   Code   RO        23081    .text               bsp.o
    0x080334c4   0x080334c4   0x000001bc   Code   RO        23103    .text               cpu_core.o
    0x08033680   0x08033680   0x00000034   Code   RO        23131    .text               cpu_a.o
    0x080336b4   0x080336b4   0x0000015a   Code   RO        23146    .text               lib_ascii.o
    0x0803380e   0x0803380e   0x00000002   PAD
    0x08033810   0x08033810   0x00000668   Code   RO        23181    .text               lib_mem.o
    0x08033e78   0x08033e78   0x000005a8   Code   RO        23200    .text               lib_str.o
    0x08034420   0x08034420   0x00000220   Code   RO        23218    .text               lib_mem_a.o
    0x08034640   0x08034640   0x00000002   Code   RO        23221    .text               os_cfg_app.o
    0x08034642   0x08034642   0x00000002   PAD
    0x08034644   0x08034644   0x00000988   Code   RO        23258    .text               os_core.o
    0x08034fcc   0x08034fcc   0x00000002   Code   RO        23271    .text               os_dbg.o
    0x08034fce   0x08034fce   0x00000002   PAD
    0x08034fd0   0x08034fd0   0x00000768   Code   RO        23287    .text               os_flag.o
    0x08035738   0x08035738   0x00000310   Code   RO        23300    .text               os_int.o
    0x08035a48   0x08035a48   0x00000174   Code   RO        23312    .text               os_mem.o
    0x08035bbc   0x08035bbc   0x00000188   Code   RO        23324    .text               os_msg.o
    0x08035d44   0x08035d44   0x000006e8   Code   RO        23336    .text               os_mutex.o
    0x0803642c   0x0803642c   0x00000070   Code   RO        23355    .text               os_prio.o
    0x0803649c   0x0803649c   0x00000610   Code   RO        23374    .text               os_q.o
    0x08036aac   0x08036aac   0x00000554   Code   RO        23387    .text               os_sem.o
    0x08037000   0x08037000   0x00000ed4   Code   RO        23406    .text               os_task.o
    0x08037ed4   0x08037ed4   0x00000350   Code   RO        23418    .text               os_tick.o
    0x08038224   0x08038224   0x00000310   Code   RO        23431    .text               os_time.o
    0x08038534   0x08038534   0x0000065c   Code   RO        23443    .text               os_tmr.o
    0x08038b90   0x08038b90   0x00000260   Code   RO        23525    .text               os_cpu_c.o
    0x08038df0   0x08038df0   0x00000002   Code   RO        23566    .text               c_w.l(use_no_semi_2.o)
    0x08038df2   0x08038df2   0x000000ee   Code   RO        23568    .text               c_w.l(lludivv7m.o)
    0x08038ee0   0x08038ee0   0x00000048   Code   RO        23570    .text               c_w.l(llsdiv.o)
    0x08038f28   0x08038f28   0x0000000c   Code   RO        23572    .text               c_w.l(vprintf.o)
    0x08038f34   0x08038f34   0x00000018   Code   RO        23574    .text               c_w.l(__2printf.o)
    0x08038f4c   0x08038f4c   0x0000002c   Code   RO        23576    .text               c_w.l(__2sprintf.o)
    0x08038f78   0x08038f78   0x0000004e   Code   RO        23584    .text               c_w.l(_printf_pad.o)
    0x08038fc6   0x08038fc6   0x00000052   Code   RO        23586    .text               c_w.l(_printf_str.o)
    0x08039018   0x08039018   0x00000078   Code   RO        23588    .text               c_w.l(_printf_dec.o)
    0x08039090   0x08039090   0x00000094   Code   RO        23608    .text               c_w.l(_printf_hex_int_ll_ptr.o)
    0x08039124   0x08039124   0x00000188   Code   RO        23628    .text               c_w.l(__printf_flags_ss_wp.o)
    0x080392ac   0x080392ac   0x0000001a   Code   RO        23635    .text               c_w.l(atoi.o)
    0x080392c6   0x080392c6   0x00000002   PAD
    0x080392c8   0x080392c8   0x0000000c   Code   RO        23639    .text               c_w.l(strtok.o)
    0x080392d4   0x080392d4   0x00000024   Code   RO        23644    .text               c_w.l(strstr.o)
    0x080392f8   0x080392f8   0x00000058   Code   RO        23646    .text               c_w.l(memcmp.o)
    0x08039350   0x08039350   0x00000048   Code   RO        23648    .text               c_w.l(strcpy.o)
    0x08039398   0x08039398   0x0000003e   Code   RO        23650    .text               c_w.l(strlen.o)
    0x080393d6   0x080393d6   0x00000018   Code   RO        23652    .text               c_w.l(strcat.o)
    0x080393ee   0x080393ee   0x0000008a   Code   RO        23654    .text               c_w.l(rt_memcpy_v6.o)
    0x08039478   0x08039478   0x00000064   Code   RO        23658    .text               c_w.l(rt_memcpy_w.o)
    0x080394dc   0x080394dc   0x00000010   Code   RO        23660    .text               c_w.l(aeabi_memset.o)
    0x080394ec   0x080394ec   0x00000044   Code   RO        23662    .text               c_w.l(rt_memclr.o)
    0x08039530   0x08039530   0x0000004e   Code   RO        23664    .text               c_w.l(rt_memclr_w.o)
    0x0803957e   0x0803957e   0x00000002   PAD
    0x08039580   0x08039580   0x00000080   Code   RO        23666    .text               c_w.l(strcmpv7m.o)
    0x08039600   0x08039600   0x00000006   Code   RO        23668    .text               c_w.l(heapauxi.o)
    0x08039606   0x08039606   0x00000002   Code   RO        23740    .text               c_w.l(use_no_semi.o)
    0x08039608   0x08039608   0x00000008   Code   RO        23750    .text               c_w.l(rt_errno_addr_intlibspace.o)
    0x08039610   0x08039610   0x00000016   Code   RO        23752    .text               c_w.l(_rserrno.o)
    0x08039626   0x08039626   0x00000024   Code   RO        23754    .text               c_w.l(_printf_truncate.o)
    0x0803964a   0x0803964a   0x000000b2   Code   RO        23756    .text               c_w.l(_printf_intcommon.o)
    0x080396fc   0x080396fc   0x00000028   Code   RO        23758    .text               c_w.l(_printf_charcount.o)
    0x08039724   0x08039724   0x00000030   Code   RO        23760    .text               c_w.l(_printf_char_common.o)
    0x08039754   0x08039754   0x0000000a   Code   RO        23762    .text               c_w.l(_sputc.o)
    0x0803975e   0x0803975e   0x0000002c   Code   RO        23764    .text               c_w.l(_printf_char.o)
    0x0803978a   0x0803978a   0x00000002   PAD
    0x0803978c   0x0803978c   0x00000024   Code   RO        23766    .text               c_w.l(_printf_char_file.o)
    0x080397b0   0x080397b0   0x000000bc   Code   RO        23768    .text               c_w.l(_printf_wctomb.o)
    0x0803986c   0x0803986c   0x0000007c   Code   RO        23771    .text               c_w.l(_printf_longlong_dec.o)
    0x080398e8   0x080398e8   0x00000070   Code   RO        23777    .text               c_w.l(_printf_oct_int_ll.o)
    0x08039958   0x08039958   0x00000070   Code   RO        23799    .text               c_w.l(strtol.o)
    0x080399c8   0x080399c8   0x00000044   Code   RO        23805    .text               c_w.l(strtok_int.o)
    0x08039a0c   0x08039a0c   0x00000008   Code   RO        23873    .text               c_w.l(libspace.o)
    0x08039a14   0x08039a14   0x00000010   Code   RO        23891    .text               c_w.l(rt_ctype_table.o)
    0x08039a24   0x08039a24   0x0000008a   Code   RO        23897    .text               c_w.l(lludiv10.o)
    0x08039aae   0x08039aae   0x0000041e   Code   RO        23899    .text               c_w.l(_printf_fp_dec.o)
    0x08039ecc   0x08039ecc   0x000002fc   Code   RO        23901    .text               c_w.l(_printf_fp_hex.o)
    0x0803a1c8   0x0803a1c8   0x0000002c   Code   RO        23906    .text               c_w.l(_printf_wchar.o)
    0x0803a1f4   0x0803a1f4   0x0000009e   Code   RO        23908    .text               c_w.l(_strtoul.o)
    0x0803a292   0x0803a292   0x00000008   Code   RO        23910    .text               c_w.l(ferror.o)
    0x0803a29a   0x0803a29a   0x00000040   Code   RO        23914    .text               c_w.l(_wcrtomb.o)
    0x0803a2da   0x0803a2da   0x00000020   Code   RO        23920    .text               c_w.l(strcspn.o)
    0x0803a2fa   0x0803a2fa   0x0000001c   Code   RO        23922    .text               c_w.l(strspn.o)
    0x0803a316   0x0803a316   0x0000004a   Code   RO        23924    .text               c_w.l(sys_stackheap_outer.o)
    0x0803a360   0x0803a360   0x00000008   Code   RO        23929    .text               c_w.l(rt_locale_intlibspace.o)
    0x0803a368   0x0803a368   0x00000080   Code   RO        23931    .text               c_w.l(_printf_fp_infnan.o)
    0x0803a3e8   0x0803a3e8   0x0000001c   Code   RO        23933    .text               c_w.l(_chval.o)
    0x0803a404   0x0803a404   0x000000e4   Code   RO        23935    .text               c_w.l(bigflt0.o)
    0x0803a4e8   0x0803a4e8   0x00000012   Code   RO        23966    .text               c_w.l(exit.o)
    0x0803a4fa   0x0803a4fa   0x0000003e   Code   RO        23938    CL$$btod_d2e        c_w.l(btod.o)
    0x0803a538   0x0803a538   0x00000046   Code   RO        23940    CL$$btod_d2e_denorm_low  c_w.l(btod.o)
    0x0803a57e   0x0803a57e   0x00000060   Code   RO        23939    CL$$btod_d2e_norm_op1  c_w.l(btod.o)
    0x0803a5de   0x0803a5de   0x00000338   Code   RO        23948    CL$$btod_div_common  c_w.l(btod.o)
    0x0803a916   0x0803a916   0x000000dc   Code   RO        23945    CL$$btod_e2e        c_w.l(btod.o)
    0x0803a9f2   0x0803a9f2   0x0000002a   Code   RO        23942    CL$$btod_ediv       c_w.l(btod.o)
    0x0803aa1c   0x0803aa1c   0x0000002a   Code   RO        23941    CL$$btod_emul       c_w.l(btod.o)
    0x0803aa46   0x0803aa46   0x00000244   Code   RO        23947    CL$$btod_mult_common  c_w.l(btod.o)
    0x0803ac8a   0x0803ac8a   0x00000002   PAD
    0x0803ac8c   0x0803ac8c   0x000000ac   Code   RO        23520    CODE                os_cpu_a.o
    0x0803ad38   0x0803ad38   0x00000030   Code   RO        23868    i.__ARM_fpclassify  m_wm.l(fpclassify.o)
    0x0803ad68   0x0803ad68   0x00000360   Code   RO        23702    i.__hardfp_asin     m_wm.l(asin.o)
    0x0803b0c8   0x0803b0c8   0x000002d8   Code   RO        23834    i.__hardfp_atan     m_wm.l(atan.o)
    0x0803b3a0   0x0803b3a0   0x00000200   Code   RO        23716    i.__hardfp_atan2    m_wm.l(atan2.o)
    0x0803b5a0   0x0803b5a0   0x0000007a   Code   RO        23728    i.__hardfp_sqrt     m_wm.l(sqrt.o)
    0x0803b61a   0x0803b61a   0x000000f8   Code   RO        23870    i.__kernel_poly     m_wm.l(poly.o)
    0x0803b712   0x0803b712   0x00000014   Code   RO        23849    i.__mathlib_dbl_infnan  m_wm.l(dunder.o)
    0x0803b726   0x0803b726   0x00000014   Code   RO        23850    i.__mathlib_dbl_infnan2  m_wm.l(dunder.o)
    0x0803b73a   0x0803b73a   0x00000006   PAD
    0x0803b740   0x0803b740   0x00000020   Code   RO        23851    i.__mathlib_dbl_invalid  m_wm.l(dunder.o)
    0x0803b760   0x0803b760   0x00000020   Code   RO        23854    i.__mathlib_dbl_underflow  m_wm.l(dunder.o)
    0x0803b780   0x0803b780   0x0000000e   Code   RO        23621    i._is_digit         c_w.l(__printf_wp.o)
    0x0803b78e   0x0803b78e   0x00000010   Code   RO        23836    i.atan              m_wm.l(atan.o)
    0x0803b79e   0x0803b79e   0x00000018   Code   RO        23864    i.fabs              m_wm.l(fabs.o)
    0x0803b7b6   0x0803b7b6   0x0000006e   Code   RO        23730    i.sqrt              m_wm.l(sqrt.o)
    0x0803b824   0x0803b824   0x0000002c   Code   RO        23961    locale$$code        c_w.l(lc_ctype_c.o)
    0x0803b850   0x0803b850   0x0000002c   Code   RO        23964    locale$$code        c_w.l(lc_numeric_c.o)
    0x0803b87c   0x0803b87c   0x00000018   Code   RO        23809    x$fpl$basic         fz_wm.l(basic.o)
    0x0803b894   0x0803b894   0x00000062   Code   RO        23672    x$fpl$d2f           fz_wm.l(d2f.o)
    0x0803b8f6   0x0803b8f6   0x00000002   PAD
    0x0803b8f8   0x0803b8f8   0x00000150   Code   RO        23674    x$fpl$dadd          fz_wm.l(daddsub_clz.o)
    0x0803ba48   0x0803ba48   0x00000018   Code   RO        23811    x$fpl$dcmpinf       fz_wm.l(dcmpi.o)
    0x0803ba60   0x0803ba60   0x000002b0   Code   RO        23681    x$fpl$ddiv          fz_wm.l(ddiv.o)
    0x0803bd10   0x0803bd10   0x00000078   Code   RO        23813    x$fpl$deqf          fz_wm.l(deqf.o)
    0x0803bd88   0x0803bd88   0x0000005a   Code   RO        23684    x$fpl$dfixu         fz_wm.l(dfixu.o)
    0x0803bde2   0x0803bde2   0x0000002e   Code   RO        23689    x$fpl$dflt          fz_wm.l(dflt_clz.o)
    0x0803be10   0x0803be10   0x00000026   Code   RO        23688    x$fpl$dfltu         fz_wm.l(dflt_clz.o)
    0x0803be36   0x0803be36   0x00000002   PAD
    0x0803be38   0x0803be38   0x00000078   Code   RO        23694    x$fpl$dleqf         fz_wm.l(dleqf.o)
    0x0803beb0   0x0803beb0   0x00000154   Code   RO        23696    x$fpl$dmul          fz_wm.l(dmul.o)
    0x0803c004   0x0803c004   0x0000009c   Code   RO        23815    x$fpl$dnaninf       fz_wm.l(dnaninf.o)
    0x0803c0a0   0x0803c0a0   0x0000000c   Code   RO        23817    x$fpl$dretinf       fz_wm.l(dretinf.o)
    0x0803c0ac   0x0803c0ac   0x0000006c   Code   RO        23698    x$fpl$drleqf        fz_wm.l(drleqf.o)
    0x0803c118   0x0803c118   0x00000016   Code   RO        23675    x$fpl$drsb          fz_wm.l(daddsub_clz.o)
    0x0803c12e   0x0803c12e   0x00000002   PAD
    0x0803c130   0x0803c130   0x00000198   Code   RO        23819    x$fpl$dsqrt         fz_wm.l(dsqrt_umaal.o)
    0x0803c2c8   0x0803c2c8   0x000001d4   Code   RO        23676    x$fpl$dsub          fz_wm.l(daddsub_clz.o)
    0x0803c49c   0x0803c49c   0x00000056   Code   RO        23700    x$fpl$f2d           fz_wm.l(f2d.o)
    0x0803c4f2   0x0803c4f2   0x0000008c   Code   RO        23821    x$fpl$fnaninf       fz_wm.l(fnaninf.o)
    0x0803c57e   0x0803c57e   0x0000000a   Code   RO        24061    x$fpl$fpinit        fz_wm.l(fpinit.o)
    0x0803c588   0x0803c588   0x0000000a   Code   RO        23823    x$fpl$fretinf       fz_wm.l(fretinf.o)
    0x0803c592   0x0803c592   0x00000004   Code   RO        23825    x$fpl$printf1       fz_wm.l(printf1.o)
    0x0803c596   0x0803c596   0x00000004   Code   RO        23827    x$fpl$printf2       fz_wm.l(printf2.o)
    0x0803c59a   0x0803c59a   0x00000000   Code   RO        23833    x$fpl$usenofp       fz_wm.l(usenofp.o)
    0x0803c59a   0x0803c59a   0x000017c0   Data   RO          842    .constdata          lcd.o
    0x0803dd5a   0x0803dd5a   0x000000c2   Data   RO         1071    .constdata          gt9147.o
    0x0803de1c   0x0803de1c   0x0000000a   Data   RO         1116    .constdata          ott2001a.o
    0x0803de26   0x0803de26   0x00000014   Data   RO         1141    .constdata          ft5206.o
    0x0803de3a   0x0803de3a   0x00000002   PAD
    0x0803de3c   0x0803de3c   0x00000004   Data   RO         1165    .constdata          touch.o
    0x0803de40   0x0803de40   0x0000001b   Data   RO         1682    .constdata          inv_mpu.o
    0x0803de5b   0x0803de5b   0x00000001   PAD
    0x0803de5c   0x0803de5c   0x0000000c   Data   RO         1683    .constdata          inv_mpu.o
    0x0803de68   0x0803de68   0x00000028   Data   RO         1684    .constdata          inv_mpu.o
    0x0803de90   0x0803de90   0x00000bf6   Data   RO         1722    .constdata          inv_mpu_dmp_motion_driver.o
    0x0803ea86   0x0803ea86   0x00000002   PAD
    0x0803ea88   0x0803ea88   0x0000001c   Data   RO         1897    .constdata          stm32f4xx_fsmc.o
    0x0803eaa4   0x0803eaa4   0x0000001c   Data   RO         3110    .constdata          lv_obj.o
    0x0803eac0   0x0803eac0   0x00000008   Data   RO         3377    .constdata          lv_obj_pos.o
    0x0803eac8   0x0803eac8   0x00000116   Data   RO         4836    .constdata          lv_draw_sw_letter.o
    0x0803ebde   0x0803ebde   0x00000021   Data   RO         4935    .constdata          lv_draw_sw_line.o
    0x0803ebff   0x0803ebff   0x00000001   PAD
    0x0803ec00   0x0803ec00   0x00000008   Data   RO         5030    .constdata          lv_draw_sw_polygon.o
    0x0803ec08   0x0803ec08   0x00000016   Data   RO        11218    .constdata          lv_theme_default.o
    0x0803ec1e   0x0803ec1e   0x00000002   PAD
    0x0803ec20   0x0803ec20   0x0000001c   Data   RO        12421    .constdata          lv_calendar.o
    0x0803ec3c   0x0803ec3c   0x0000001c   Data   RO        12821    .constdata          lv_calendar_header_arrow.o
    0x0803ec58   0x0803ec58   0x0000001c   Data   RO        13004    .constdata          lv_calendar_header_dropdown.o
    0x0803ec74   0x0803ec74   0x0000001c   Data   RO        13120    .constdata          lv_chart.o
    0x0803ec90   0x0803ec90   0x0000001c   Data   RO        13518    .constdata          lv_colorwheel.o
    0x0803ecac   0x0803ecac   0x0000001c   Data   RO        14314    .constdata          lv_keyboard.o
    0x0803ecc8   0x0803ecc8   0x000000b0   Data   RO        14315    .constdata          lv_keyboard.o
    0x0803ed78   0x0803ed78   0x00000050   Data   RO        14316    .constdata          lv_keyboard.o
    0x0803edc8   0x0803edc8   0x000000b0   Data   RO        14317    .constdata          lv_keyboard.o
    0x0803ee78   0x0803ee78   0x00000050   Data   RO        14318    .constdata          lv_keyboard.o
    0x0803eec8   0x0803eec8   0x000000b0   Data   RO        14319    .constdata          lv_keyboard.o
    0x0803ef78   0x0803ef78   0x00000050   Data   RO        14320    .constdata          lv_keyboard.o
    0x0803efc8   0x0803efc8   0x00000054   Data   RO        14321    .constdata          lv_keyboard.o
    0x0803f01c   0x0803f01c   0x00000022   Data   RO        14322    .constdata          lv_keyboard.o
    0x0803f03e   0x0803f03e   0x00000002   PAD
    0x0803f040   0x0803f040   0x0000001c   Data   RO        14500    .constdata          lv_led.o
    0x0803f05c   0x0803f05c   0x00000054   Data   RO        14898    .constdata          lv_list.o
    0x0803f0b0   0x0803f0b0   0x000000fc   Data   RO        15081    .constdata          lv_menu.o
    0x0803f1ac   0x0803f1ac   0x0000001c   Data   RO        15259    .constdata          lv_meter.o
    0x0803f1c8   0x0803f1c8   0x00000054   Data   RO        15656    .constdata          lv_msgbox.o
    0x0803f21c   0x0803f21c   0x0000001c   Data   RO        16452    .constdata          lv_spinbox.o
    0x0803f238   0x0803f238   0x0000001c   Data   RO        16850    .constdata          lv_spinner.o
    0x0803f254   0x0803f254   0x0000001c   Data   RO        17248    .constdata          lv_tabview.o
    0x0803f270   0x0803f270   0x00000038   Data   RO        17647    .constdata          lv_tileview.o
    0x0803f2a8   0x0803f2a8   0x0000001c   Data   RO        17810    .constdata          lv_win.o
    0x0803f2c4   0x0803f2c4   0x00002280   Data   RO        19335    .constdata          lv_font_montserrat_14.o
    0x08041544   0x08041544   0x000004f0   Data   RO        19336    .constdata          lv_font_montserrat_14.o
    0x08041a34   0x08041a34   0x0000007c   Data   RO        19337    .constdata          lv_font_montserrat_14.o
    0x08041ab0   0x08041ab0   0x00000028   Data   RO        19338    .constdata          lv_font_montserrat_14.o
    0x08041ad8   0x08041ad8   0x0000009e   Data   RO        19339    .constdata          lv_font_montserrat_14.o
    0x08041b76   0x08041b76   0x0000009e   Data   RO        19340    .constdata          lv_font_montserrat_14.o
    0x08041c14   0x08041c14   0x00000bad   Data   RO        19341    .constdata          lv_font_montserrat_14.o
    0x080427c1   0x080427c1   0x00000003   PAD
    0x080427c4   0x080427c4   0x00000010   Data   RO        19342    .constdata          lv_font_montserrat_14.o
    0x080427d4   0x080427d4   0x00000018   Data   RO        19343    .constdata          lv_font_montserrat_14.o
    0x080427ec   0x080427ec   0x0000001c   Data   RO        19344    .constdata          lv_font_montserrat_14.o
    0x08042808   0x08042808   0x00005d4c   Data   RO        19783    .constdata          lv_font_montserrat_24.o
    0x08048554   0x08048554   0x000004f0   Data   RO        19784    .constdata          lv_font_montserrat_24.o
    0x08048a44   0x08048a44   0x0000007c   Data   RO        19785    .constdata          lv_font_montserrat_24.o
    0x08048ac0   0x08048ac0   0x00000028   Data   RO        19786    .constdata          lv_font_montserrat_24.o
    0x08048ae8   0x08048ae8   0x0000009e   Data   RO        19787    .constdata          lv_font_montserrat_24.o
    0x08048b86   0x08048b86   0x0000009e   Data   RO        19788    .constdata          lv_font_montserrat_24.o
    0x08048c24   0x08048c24   0x00000bad   Data   RO        19789    .constdata          lv_font_montserrat_24.o
    0x080497d1   0x080497d1   0x00000003   PAD
    0x080497d4   0x080497d4   0x00000010   Data   RO        19790    .constdata          lv_font_montserrat_24.o
    0x080497e4   0x080497e4   0x00000018   Data   RO        19791    .constdata          lv_font_montserrat_24.o
    0x080497fc   0x080497fc   0x0000001c   Data   RO        19792    .constdata          lv_font_montserrat_24.o
    0x08049818   0x08049818   0x0000911f   Data   RO        20016    .constdata          lv_font_montserrat_30.o
    0x08052937   0x08052937   0x00000001   PAD
    0x08052938   0x08052938   0x000004f0   Data   RO        20017    .constdata          lv_font_montserrat_30.o
    0x08052e28   0x08052e28   0x0000007c   Data   RO        20018    .constdata          lv_font_montserrat_30.o
    0x08052ea4   0x08052ea4   0x00000028   Data   RO        20019    .constdata          lv_font_montserrat_30.o
    0x08052ecc   0x08052ecc   0x0000009e   Data   RO        20020    .constdata          lv_font_montserrat_30.o
    0x08052f6a   0x08052f6a   0x0000009e   Data   RO        20021    .constdata          lv_font_montserrat_30.o
    0x08053008   0x08053008   0x00000bad   Data   RO        20022    .constdata          lv_font_montserrat_30.o
    0x08053bb5   0x08053bb5   0x00000003   PAD
    0x08053bb8   0x08053bb8   0x00000010   Data   RO        20023    .constdata          lv_font_montserrat_30.o
    0x08053bc8   0x08053bc8   0x00000018   Data   RO        20024    .constdata          lv_font_montserrat_30.o
    0x08053be0   0x08053be0   0x0000001c   Data   RO        20025    .constdata          lv_font_montserrat_30.o
    0x08053bfc   0x08053bfc   0x0000017c   Data   RO        21069    .constdata          lv_color.o
    0x08053d78   0x08053d78   0x000000b6   Data   RO        21186    .constdata          lv_math.o
    0x08053e2e   0x08053e2e   0x00000002   PAD
    0x08053e30   0x08053e30   0x0000001c   Data   RO        21439    .constdata          lv_arc.o
    0x08053e4c   0x08053e4c   0x0000001c   Data   RO        21604    .constdata          lv_bar.o
    0x08053e68   0x08053e68   0x0000001c   Data   RO        21710    .constdata          lv_btn.o
    0x08053e84   0x08053e84   0x0000001c   Data   RO        21734    .constdata          lv_btnmatrix.o
    0x08053ea0   0x08053ea0   0x0000001c   Data   RO        21923    .constdata          lv_checkbox.o
    0x08053ebc   0x08053ebc   0x00000038   Data   RO        22017    .constdata          lv_dropdown.o
    0x08053ef4   0x08053ef4   0x0000001c   Data   RO        22116    .constdata          lv_img.o
    0x08053f10   0x08053f10   0x0000001c   Data   RO        22210    .constdata          lv_label.o
    0x08053f2c   0x08053f2c   0x0000001c   Data   RO        22311    .constdata          lv_line.o
    0x08053f48   0x08053f48   0x00000038   Data   RO        22336    .constdata          lv_roller.o
    0x08053f80   0x08053f80   0x0000001c   Data   RO        22418    .constdata          lv_slider.o
    0x08053f9c   0x08053f9c   0x0000001c   Data   RO        22534    .constdata          lv_switch.o
    0x08053fb8   0x08053fb8   0x0000001c   Data   RO        22638    .constdata          lv_table.o
    0x08053fd4   0x08053fd4   0x0000001c   Data   RO        22721    .constdata          lv_textarea.o
    0x08053ff0   0x08053ff0   0x00000100   Data   RO        23105    .constdata          cpu_core.o
    0x080540f0   0x080540f0   0x00000094   Data   RO        23201    .constdata          lib_str.o
    0x08054184   0x08054184   0x00000080   Data   RO        23231    .constdata          os_cfg_app.o
    0x08054204   0x08054204   0x00000028   Data   RO        23609    .constdata          c_w.l(_printf_hex_int_ll_ptr.o)
    0x0805422c   0x0805422c   0x00000011   Data   RO        23629    .constdata          c_w.l(__printf_flags_ss_wp.o)
    0x0805423d   0x0805423d   0x00000003   PAD
    0x08054240   0x08054240   0x00000050   Data   RO        23705    .constdata          m_wm.l(asin.o)
    0x08054290   0x08054290   0x00000008   Data   RO        23769    .constdata          c_w.l(_printf_wctomb.o)
    0x08054298   0x08054298   0x00000098   Data   RO        23837    .constdata          m_wm.l(atan.o)
    0x08054330   0x08054330   0x00000008   Data   RO        23872    .constdata          m_wm.l(qnan.o)
    0x08054338   0x08054338   0x00000026   Data   RO        23902    .constdata          c_w.l(_printf_fp_hex.o)
    0x0805435e   0x0805435e   0x00000002   PAD
    0x08054360   0x08054360   0x00000094   Data   RO        23936    .constdata          c_w.l(bigflt0.o)
    0x080543f4   0x080543f4   0x00000079   Data   RO         1166    .conststring        touch.o
    0x0805446d   0x0805446d   0x00000003   PAD
    0x08054470   0x08054470   0x0000004d   Data   RO         1685    .conststring        inv_mpu.o
    0x080544bd   0x080544bd   0x00000003   PAD
    0x080544c0   0x080544c0   0x0000001b   Data   RO        12422    .conststring        lv_calendar.o
    0x080544db   0x080544db   0x00000001   PAD
    0x080544dc   0x080544dc   0x00000069   Data   RO        12822    .conststring        lv_calendar_header_arrow.o
    0x08054545   0x08054545   0x00000003   PAD
    0x08054548   0x08054548   0x0000028c   Data   RO        13005    .conststring        lv_calendar_header_dropdown.o
    0x080547d4   0x080547d4   0x0000009d   Data   RO        14323    .conststring        lv_keyboard.o
    0x08054871   0x08054871   0x00000003   PAD
    0x08054874   0x08054874   0x0000006c   Data   RO        14324    .conststring        lv_keyboard.o
    0x080548e0   0x080548e0   0x0000007e   Data   RO        14325    .conststring        lv_keyboard.o
    0x0805495e   0x0805495e   0x00000002   PAD
    0x08054960   0x08054960   0x00000004   Data   RO        14326    .conststring        lv_keyboard.o
    0x08054964   0x08054964   0x00000025   Data   RO        21735    .conststring        lv_btnmatrix.o
    0x08054989   0x08054989   0x00000003   PAD
    0x0805498c   0x0805498c   0x00000011   Data   RO        22826    .conststring        my_gui.o
    0x0805499d   0x0805499d   0x00000003   PAD
    0x080549a0   0x080549a0   0x00000020   Data   RO        24096    Region$$Table       anon$$obj.o
    0x080549c0   0x080549c0   0x00000110   Data   RO        23960    locale$$data        c_w.l(lc_ctype_c.o)
    0x08054ad0   0x08054ad0   0x0000001c   Data   RO        23963    locale$$data        c_w.l(lc_numeric_c.o)


    Execution Region RW_IRAM1 (Exec base: 0x20000000, Load base: 0x08054aec, Size: 0x0001f980, Max: 0x00020000, ABSOLUTE, COMPRESSED[0x000000fc])

    Exec Addr    Load Addr    Size         Type   Attr      Idx    E Section Name        Object

    0x20000000   COMPRESSED   0x00000001   Data   RW            7    .data               main.o
    0x20000001   COMPRESSED   0x00000003   PAD
    0x20000004   COMPRESSED   0x00000014   Data   RW          795    .data               system_stm32f4xx.o
    0x20000018   COMPRESSED   0x00000004   Data   RW          843    .data               lcd.o
    0x2000001c   COMPRESSED   0x00000001   Data   RW          977    .data               key.o
    0x2000001d   COMPRESSED   0x00000001   Data   RW         1072    .data               gt9147.o
    0x2000001e   COMPRESSED   0x00000001   Data   RW         1117    .data               ott2001a.o
    0x2000001f   COMPRESSED   0x00000007   Data   RW         1142    .data               ft5206.o
    0x20000026   COMPRESSED   0x00000002   PAD
    0x20000028   COMPRESSED   0x00000038   Data   RW         1167    .data               touch.o
    0x20000060   COMPRESSED   0x00000008   Data   RW         1610    .data               dht11.o
    0x20000068   COMPRESSED   0x00000008   Data   RW         1632    .data               rtc.o
    0x20000070   COMPRESSED   0x00000035   Data   RW         1686    .data               inv_mpu.o
    0x200000a5   COMPRESSED   0x00000001   PAD
    0x200000a6   COMPRESSED   0x00000004   Data   RW         1778    .data               delay.o
    0x200000aa   COMPRESSED   0x00000002   PAD
    0x200000ac   COMPRESSED   0x00000018   Data   RW         1819    .data               usart.o
    0x200000c4   COMPRESSED   0x00000004   Data   RW         1820    .data               usart.o
    0x200000c8   COMPRESSED   0x00000010   Data   RW         1920    .data               stm32f4xx_rcc.o
    0x200000d8   COMPRESSED   0x00000008   Data   RW         2475    .data               lv_port_indev_template.o
    0x200000e0   COMPRESSED   0x00000008   Data   RW         2664    .data               lv_event.o
    0x200000e8   COMPRESSED   0x00000004   Data   RW         2807    .data               lv_group.o
    0x200000ec   COMPRESSED   0x0000000c   Data   RW         2963    .data               lv_indev.o
    0x200000f8   COMPRESSED   0x00000008   Data   RW         3111    .data               lv_obj.o
    0x20000100   COMPRESSED   0x00000008   Data   RW         3378    .data               lv_obj_pos.o
    0x20000108   COMPRESSED   0x00000001   Data   RW         3583    .data               lv_obj_style.o
    0x20000109   COMPRESSED   0x00000003   PAD
    0x2000010c   COMPRESSED   0x00000010   Data   RW         3812    .data               lv_refr.o
    0x2000011c   COMPRESSED   0x0000000c   Data   RW         4693    .data               lv_draw_sw_gradient.o
    0x20000128   COMPRESSED   0x00000008   Data   RW         4838    .data               lv_draw_sw_letter.o
    0x20000130   COMPRESSED   0x00000010   Data   RW         5983    .data               lv_flex.o
    0x20000140   COMPRESSED   0x00000018   Data   RW         6152    .data               lv_grid.o
    0x20000158   COMPRESSED   0x00000020   Data   RW        11219    .data               lv_theme_default.o
    0x20000178   COMPRESSED   0x0000001c   Data   RW        12423    .data               lv_calendar.o
    0x20000194   COMPRESSED   0x00000030   Data   RW        12823    .data               lv_calendar_header_arrow.o
    0x200001c4   COMPRESSED   0x00000008   Data   RW        13006    .data               lv_calendar_header_dropdown.o
    0x200001cc   COMPRESSED   0x00000006   Data   RW        13519    .data               lv_colorwheel.o
    0x200001d2   COMPRESSED   0x00000002   PAD
    0x200001d4   COMPRESSED   0x00000048   Data   RW        14327    .data               lv_keyboard.o
    0x2000021c   COMPRESSED   0x00000008   Data   RW        16851    .data               lv_spinner.o
    0x20000224   COMPRESSED   0x00000004   Data   RW        17249    .data               lv_tabview.o
    0x20000228   COMPRESSED   0x0000000c   Data   RW        17648    .data               lv_tileview.o
    0x20000234   COMPRESSED   0x00000002   Data   RW        17811    .data               lv_win.o
    0x20000236   COMPRESSED   0x00000002   PAD
    0x20000238   COMPRESSED   0x00000008   Data   RW        19345    .data               lv_font_montserrat_14.o
    0x20000240   COMPRESSED   0x00000008   Data   RW        19793    .data               lv_font_montserrat_24.o
    0x20000248   COMPRESSED   0x00000008   Data   RW        20026    .data               lv_font_montserrat_30.o
    0x20000250   COMPRESSED   0x00000010   Data   RW        20552    .data               lv_hal_disp.o
    0x20000260   COMPRESSED   0x00000008   Data   RW        20894    .data               lv_hal_tick.o
    0x20000268   COMPRESSED   0x0000000c   Data   RW        20915    .data               lv_anim.o
    0x20000274   COMPRESSED   0x00000014   Data   RW        21128    .data               lv_gc.o
    0x20000288   COMPRESSED   0x00000004   Data   RW        21187    .data               lv_math.o
    0x2000028c   COMPRESSED   0x00000008   Data   RW        21202    .data               lv_mem.o
    0x20000294   COMPRESSED   0x00000002   Data   RW        21232    .data               lv_style.o
    0x20000296   COMPRESSED   0x00000002   PAD
    0x20000298   COMPRESSED   0x00000014   Data   RW        21291    .data               lv_timer.o
    0x200002ac   COMPRESSED   0x0000000c   Data   RW        21319    .data               lv_txt.o
    0x200002b8   COMPRESSED   0x00000004   Data   RW        21320    .data               lv_txt.o
    0x200002bc   COMPRESSED   0x00000004   Data   RW        21322    .data               lv_txt.o
    0x200002c0   COMPRESSED   0x00000004   Data   RW        21323    .data               lv_txt.o
    0x200002c4   COMPRESSED   0x00000004   Data   RW        21324    .data               lv_txt.o
    0x200002c8   COMPRESSED   0x0000001c   Data   RW        21736    .data               lv_btnmatrix.o
    0x200002e4   COMPRESSED   0x00000004   Data   RW        22722    .data               lv_textarea.o
    0x200002e8   COMPRESSED   0x00000090   Data   RW        22827    .data               my_gui.o
    0x20000378   COMPRESSED   0x00000004   Data   RW        23107    .data               cpu_core.o
    0x2000037c   COMPRESSED   0x00000004   Data   RW        23183    .data               lib_mem.o
    0x20000380   COMPRESSED   0x00000008   Data   RW        23356    .data               os_prio.o
    0x20000388   COMPRESSED   0x00000004   Data   RW        23461    .data               os_var.o
    0x2000038c   COMPRESSED   0x00000004   Data   RW        23462    .data               os_var.o
    0x20000390   COMPRESSED   0x00000004   Data   RW        23463    .data               os_var.o
    0x20000394   COMPRESSED   0x00000004   Data   RW        23464    .data               os_var.o
    0x20000398   COMPRESSED   0x00000004   Data   RW        23465    .data               os_var.o
    0x2000039c   COMPRESSED   0x00000004   Data   RW        23466    .data               os_var.o
    0x200003a0   COMPRESSED   0x00000004   Data   RW        23467    .data               os_var.o
    0x200003a4   COMPRESSED   0x00000004   Data   RW        23468    .data               os_var.o
    0x200003a8   COMPRESSED   0x00000001   Data   RW        23469    .data               os_var.o
    0x200003a9   COMPRESSED   0x00000001   Data   RW        23470    .data               os_var.o
    0x200003aa   COMPRESSED   0x00000002   PAD
    0x200003ac   COMPRESSED   0x00000004   Data   RW        23471    .data               os_var.o
    0x200003b0   COMPRESSED   0x00000004   Data   RW        23472    .data               os_var.o
    0x200003b4   COMPRESSED   0x00000002   Data   RW        23473    .data               os_var.o
    0x200003b6   COMPRESSED   0x00000002   Data   RW        23474    .data               os_var.o
    0x200003b8   COMPRESSED   0x00000002   Data   RW        23475    .data               os_var.o
    0x200003ba   COMPRESSED   0x00000002   PAD
    0x200003bc   COMPRESSED   0x00000004   Data   RW        23476    .data               os_var.o
    0x200003c0   COMPRESSED   0x00000004   Data   RW        23477    .data               os_var.o
    0x200003c4   COMPRESSED   0x00000002   Data   RW        23478    .data               os_var.o
    0x200003c6   COMPRESSED   0x00000002   PAD
    0x200003c8   COMPRESSED   0x00000004   Data   RW        23479    .data               os_var.o
    0x200003cc   COMPRESSED   0x00000002   Data   RW        23480    .data               os_var.o
    0x200003ce   COMPRESSED   0x00000002   PAD
    0x200003d0   COMPRESSED   0x00000004   Data   RW        23481    .data               os_var.o
    0x200003d4   COMPRESSED   0x00000002   Data   RW        23482    .data               os_var.o
    0x200003d6   COMPRESSED   0x00000001   Data   RW        23483    .data               os_var.o
    0x200003d7   COMPRESSED   0x00000001   Data   RW        23484    .data               os_var.o
    0x200003d8   COMPRESSED   0x00000001   Data   RW        23485    .data               os_var.o
    0x200003d9   COMPRESSED   0x00000003   PAD
    0x200003dc   COMPRESSED   0x00000004   Data   RW        23486    .data               os_var.o
    0x200003e0   COMPRESSED   0x00000002   Data   RW        23487    .data               os_var.o
    0x200003e2   COMPRESSED   0x00000002   PAD
    0x200003e4   COMPRESSED   0x00000004   Data   RW        23488    .data               os_var.o
    0x200003e8   COMPRESSED   0x00000004   Data   RW        23489    .data               os_var.o
    0x200003ec   COMPRESSED   0x00000004   Data   RW        23490    .data               os_var.o
    0x200003f0   COMPRESSED   0x00000001   Data   RW        23491    .data               os_var.o
    0x200003f1   COMPRESSED   0x00000003   PAD
    0x200003f4   COMPRESSED   0x00000004   Data   RW        23492    .data               os_var.o
    0x200003f8   COMPRESSED   0x00000002   Data   RW        23493    .data               os_var.o
    0x200003fa   COMPRESSED   0x00000002   PAD
    0x200003fc   COMPRESSED   0x00000004   Data   RW        23494    .data               os_var.o
    0x20000400   COMPRESSED   0x00000004   Data   RW        23495    .data               os_var.o
    0x20000404   COMPRESSED   0x00000002   Data   RW        23496    .data               os_var.o
    0x20000406   COMPRESSED   0x00000001   Data   RW        23497    .data               os_var.o
    0x20000407   COMPRESSED   0x00000001   PAD
    0x20000408   COMPRESSED   0x00000004   Data   RW        23498    .data               os_var.o
    0x2000040c   COMPRESSED   0x00000004   Data   RW        23499    .data               os_var.o
    0x20000410   COMPRESSED   0x00000004   Data   RW        23500    .data               os_var.o
    0x20000414   COMPRESSED   0x00000002   Data   RW        23501    .data               os_var.o
    0x20000416   COMPRESSED   0x00000002   PAD
    0x20000418   COMPRESSED   0x00000004   Data   RW        23502    .data               os_var.o
    0x2000041c   COMPRESSED   0x00000004   Data   RW        23503    .data               os_var.o
    0x20000420   COMPRESSED   0x00000004   Data   RW        23504    .data               os_var.o
    0x20000424   COMPRESSED   0x00000004   Data   RW        23505    .data               os_var.o
    0x20000428   COMPRESSED   0x00000004   Data   RW        23506    .data               os_var.o
    0x2000042c   COMPRESSED   0x00000004   Data   RW        23507    .data               os_var.o
    0x20000430   COMPRESSED   0x00000004   Data   RW        23526    .data               os_cpu_c.o
    0x20000434   COMPRESSED   0x00000004   Data   RW        23640    .data               c_w.l(strtok.o)
    0x20000438        -       0x00003d1c   Zero   RW            4    .bss                main.o
    0x20004154        -       0x0000000e   Zero   RW          841    .bss                lcd.o
    0x20004162   COMPRESSED   0x00000002   PAD
    0x20004164        -       0x00000010   Zero   RW         1721    .bss                inv_mpu_dmp_motion_driver.o
    0x20004174        -       0x000000c0   Zero   RW         1818    .bss                usart.o
    0x20004234        -       0x00009668   Zero   RW         2064    .bss                lv_port_disp_template.o
    0x2000d89c        -       0x00000020   Zero   RW         2474    .bss                lv_port_indev_template.o
    0x2000d8bc        -       0x00000018   Zero   RW         3811    .bss                lv_refr.o
    0x2000d8d4        -       0x00000100   Zero   RW         4835    .bss                lv_draw_sw_letter.o
    0x2000d9d4        -       0x0000004c   Zero   RW        11217    .bss                lv_theme_default.o
    0x2000da20        -       0x000001fc   Zero   RW        21127    .bss                lv_gc.o
    0x2000dc1c        -       0x0000c000   Zero   RW        21201    .bss                lv_mem.o
    0x20019c1c        -       0x00000010   Zero   RW        23104    .bss                cpu_core.o
    0x20019c2c        -       0x00000448   Zero   RW        23182    .bss                lib_mem.o
    0x2001a074        -       0x00000200   Zero   RW        23222    .bss                os_cfg_app.o
    0x2001a274        -       0x00000140   Zero   RW        23223    .bss                os_cfg_app.o
    0x2001a3b4        -       0x00000200   Zero   RW        23224    .bss                os_cfg_app.o
    0x2001a5b4        -       0x00000200   Zero   RW        23225    .bss                os_cfg_app.o
    0x2001a7b4        -       0x00000640   Zero   RW        23226    .bss                os_cfg_app.o
    0x2001adf4        -       0x00000200   Zero   RW        23227    .bss                os_cfg_app.o
    0x2001aff4        -       0x00000088   Zero   RW        23228    .bss                os_cfg_app.o
    0x2001b07c        -       0x00000200   Zero   RW        23229    .bss                os_cfg_app.o
    0x2001b27c        -       0x00000088   Zero   RW        23230    .bss                os_cfg_app.o
    0x2001b304        -       0x000000c4   Zero   RW        23455    .bss                os_var.o
    0x2001b3c8        -       0x000000c4   Zero   RW        23456    .bss                os_var.o
    0x2001b48c        -       0x0000000c   Zero   RW        23457    .bss                os_var.o
    0x2001b498        -       0x00000300   Zero   RW        23458    .bss                os_var.o
    0x2001b798        -       0x000000c4   Zero   RW        23459    .bss                os_var.o
    0x2001b85c        -       0x000000c4   Zero   RW        23460    .bss                os_var.o
    0x2001b920        -       0x00000060   Zero   RW        23874    .bss                c_w.l(libspace.o)
    0x2001b980        -       0x00002000   Zero   RW         1848    HEAP                startup_stm32f40_41xxx.o
    0x2001d980        -       0x00002000   Zero   RW         1847    STACK               startup_stm32f40_41xxx.o


==============================================================================

Image component sizes


      Code (inc. data)   RO Data    RW Data    ZI Data      Debug   Object Name

       318          0          0          0          0       2858   24cxx.o
       104         14          0          0          0       1849   bsp.o
        52          0          0          0          0        332   cpu_a.o
       444         12        256          4         16      14489   cpu_core.o
       504         16          0          0          0       2967   ctiic.o
       268         30          0          4          0       1481   delay.o
       380         14          0          8          0       1984   dht11.o
      1044         56         20          7          0       3351   ft5206.o
       896         70        194          1          0       3298   gt9147.o
      6676        198        156         53          0      25311   inv_mpu.o
      2740        134       3062          0         16      15577   inv_mpu_dmp_motion_driver.o
       260         12          0          1          0        948   key.o
     12914        102       6080          4         14     292127   lcd.o
        64          6          0          0          0        551   led.o
       346          0          0          0          0       4514   lib_ascii.o
      1640         26          0          4       1096      22480   lib_mem.o
       544          0          0          0          0        476   lib_mem_a.o
      1448          4        148          0          0      12728   lib_str.o
      1256         24          0         12          0      29395   lv_anim.o
      3148         10         28          0          0      70454   lv_arc.o
      1630         22          0          0          0       9261   lv_area.o
        76          4          0          0          0       1864   lv_async.o
      2140         28         28          0          0      58335   lv_bar.o
         0          0          0          0          0       5271   lv_bidi.o
        52          6         28          0          0       1527   lv_btn.o
      4008         28         65         28          0      53481   lv_btnmatrix.o
      1244         24         55         28          0      58890   lv_calendar.o
       440         32        133         48          0      50745   lv_calendar_header_arrow.o
       340         20        680          8          0      36928   lv_calendar_header_dropdown.o
      8230         28         28          0          0      91998   lv_chart.o
      1008         16         28          0          0      47442   lv_checkbox.o
       908         16        380          0          0      10994   lv_color.o
      2666         14         28          6          0      76157   lv_colorwheel.o
      1168         30          0          0          0      54103   lv_disp.o
         2          0          0          0          0      17534   lv_draw.o
      1038          0          0          0          0      21900   lv_draw_arc.o
       868         38          0          0          0      30645   lv_draw_img.o
      1552         16          0          0          0      31712   lv_draw_label.o
        88          0          0          0          0      30488   lv_draw_line.o
      5324         36          0          0          0      26339   lv_draw_mask.o
       244          4          0          0          0      24993   lv_draw_rect.o
        96         34          0          0          0      38086   lv_draw_sw.o
      2652          0          0          0          0      40324   lv_draw_sw_arc.o
      3312         28          0          0          0      54485   lv_draw_sw_blend.o
      1020         22          0         12          0      17994   lv_draw_sw_gradient.o
      1228          0          0          0          0      27557   lv_draw_sw_img.o
       876         14        278          8        256      25641   lv_draw_sw_letter.o
      1996          4         33          0          0      26866   lv_draw_sw_line.o
       636          4          8          0          0      22689   lv_draw_sw_polygon.o
      7052          0          0          0          0      18988   lv_draw_sw_rect.o
      3572         60         56          0          0      54992   lv_dropdown.o
      1308         34          0          8          0      53927   lv_event.o
        14          0          0          0          0        564   lv_extra.o
      2792         54          0         16          0      72265   lv_flex.o
        96          0          0          0          0       6669   lv_font.o
         0          0          0          0          0       4596   lv_font_dejavu_16_persian_hebrew.o
       688         12          0          0          0       7105   lv_font_fmt_txt.o
         0          0      13633          8          0       2790   lv_font_montserrat_14.o
         0          0      28685          8          0       2790   lv_font_montserrat_24.o
         0          0      41952          8          0       2790   lv_font_montserrat_30.o
      1224         12          0          0          0      10401   lv_fs.o
       184         14          0         20        508       2178   lv_gc.o
      2808         38          0         24          0      76617   lv_grid.o
      1312         24          0          4          0      53462   lv_group.o
      2056         60          0         16          0      58241   lv_hal_disp.o
       316          8          0          0          0      46437   lv_hal_indev.o
        48          6          0          8          0       1714   lv_hal_tick.o
      3190          8         28          0          0      54696   lv_img.o
      3134         38          0          0          0      22133   lv_img_buf.o
        88          4          0          0          0       6463   lv_img_cache.o
      1984         32          0          0          0      20807   lv_img_decoder.o
      3284         14          0         12          0      26040   lv_indev.o
      2804          8          0          0          0      50949   lv_indev_scroll.o
       888         62       1309         72          0      55988   lv_keyboard.o
      4280         72         28          0          0      65041   lv_label.o
       816         10         28          0          0      54603   lv_led.o
       476          4         28          0          0      12638   lv_line.o
         0          0         84          0          0      48407   lv_list.o
       688          0          0          0          0       5885   lv_ll.o
       468         10        182          4          0       3985   lv_math.o
      1094         20          0          8      49152       7141   lv_mem.o
      1936         36        252          0          0      59376   lv_menu.o
      3316         24         28          0          0      78581   lv_meter.o
       692         16         84          0          0      65655   lv_msgbox.o
      3476         36         28          8          0      60328   lv_obj.o
       456          4          0          0          0       2968   lv_obj_class.o
      1816          0          0          0          0      63234   lv_obj_draw.o
      5018         54          8          8          0      64475   lv_obj_pos.o
      4232         36          0          0          0      61858   lv_obj_scroll.o
      3540         38          0          1          0      61900   lv_obj_style.o
      1296          0          0          0          0      39808   lv_obj_style_gen.o
      1286          8          0          0          0      34819   lv_obj_tree.o
       112         18          0          0      38504      48586   lv_port_disp_template.o
       100         16          0          8         32       1978   lv_port_indev_template.o
      1692         10          0          0          0       9447   lv_printf.o
      3704         80          0         16         24      53944   lv_refr.o
      2676         78         56          0          0      49816   lv_roller.o
      1986          4         28          0          0      52388   lv_slider.o
      1184         12         28          0          0      59885   lv_spinbox.o
       168         22         28          8          0      52789   lv_spinner.o
       916         12          0          2          0      20751   lv_style.o
      1114          0          0          0          0      30613   lv_style_gen.o
       844         14         28          0          0      47576   lv_switch.o
      3652         16         28          0          0      55206   lv_table.o
      1066         26         28          4          0      66647   lv_tabview.o
      4434        114         28          4          0      67792   lv_textarea.o
       212         10          0          0          0      51866   lv_theme.o
      9492        306         22         32         76      63836   lv_theme_default.o
       540         12         56         12          0      52097   lv_tileview.o
       532         14          0         20          0       5367   lv_timer.o
      2094         10          0          0          0      20548   lv_tlsf.o
      1760         18          0         28          0      15155   lv_txt.o
        72          0          0          0          0       1024   lv_utils.o
       256         10         28          2          0      52840   lv_win.o
      2488        900          0          1      15644     287277   main.o
       176         12          0          0          0       2001   misc.o
      1228         28          0          0          0       5773   mpu6050.o
      4228        506         17        144          0      54555   my_gui.o
       820          8          0          0          0       3814   myiic.o
         2          0        128          0       4752      20297   os_cfg_app.o
      2440        216          0          0          0      12372   os_core.o
       172         32          0          0          0        400   os_cpu_a.o
       608         66          0          4          0       4013   os_cpu_c.o
         2          0          0          0          0        510   os_dbg.o
      1896         80          0          0          0       8373   os_flag.o
       784        144          0          0          0       2680   os_int.o
       372         20          0          0          0       2760   os_mem.o
       392         14          0          0          0       3199   os_msg.o
      1768         92          0          0          0       6224   os_mutex.o
       112          6          0          8          0       1996   os_prio.o
      1552         66          0          0          0       6710   os_q.o
      1364         58          0          0          0       6690   os_sem.o
      3796        210          0          0          0      15022   os_task.o
       848         82          0          0          0       3787   os_tick.o
       784         42          0          0          0       3497   os_time.o
      1628        128          0          0          0       6910   os_tmr.o
         0          0          0        147       1564      18704   os_var.o
       740         60         10          1          0       3005   ott2001a.o
       664          4          0          8          0       2702   rtc.o
        64         26        392          0      16384        840   startup_stm32f40_41xxx.o
       224         10          0          0          0       2451   stm32f4xx_exti.o
      1096         10         28          0          0       6158   stm32f4xx_fsmc.o
       524         44          0          0          0       4525   stm32f4xx_gpio.o
        14          0          0          0          0      51955   stm32f4xx_it.o
       296         12          0          0          0       3811   stm32f4xx_pwr.o
      1152         48          0         16          0      13400   stm32f4xx_rcc.o
      2636         48          0          0          0      16290   stm32f4xx_rtc.o
       856         32          0          0          0       8344   stm32f4xx_usart.o
       380         36          0         20          0       1907   system_stm32f4xx.o
         0          0          0          0          0      10227   timer.o
      3064        192        125         56          0       7487   touch.o
       896         30          0         28        192       5310   usart.o

    ----------------------------------------------------------------------
    232328       6116      99262       1076     128232    4501850   Object Totals
         0          0         32          0          0          0   (incl. Generated)
        40          0         43         38          2          0   (incl. Padding)

    ----------------------------------------------------------------------

      Code (inc. data)   RO Data    RW Data    ZI Data      Debug   Library Member Name

        24          4          0          0          0         84   __2printf.o
        44          6          0          0          0         84   __2sprintf.o
        90          0          0          0          0          0   __dczerorl2.o
         8          0          0          0          0         68   __main.o
       392          4         17          0          0         92   __printf_flags_ss_wp.o
        14          0          0          0          0         68   __printf_wp.o
         0          0          0          0          0          0   __rtentry.o
        12          0          0          0          0          0   __rtentry2.o
         6          0          0          0          0          0   __rtentry4.o
        52          8          0          0          0          0   __scatter.o
        28          0          0          0          0          0   __scatter_zi.o
        28          0          0          0          0         68   _chval.o
         6          0          0          0          0          0   _printf_a.o
         6          0          0          0          0          0   _printf_c.o
        44          0          0          0          0        108   _printf_char.o
        48          6          0          0          0         96   _printf_char_common.o
        36          4          0          0          0         80   _printf_char_file.o
        40          0          0          0          0         68   _printf_charcount.o
         6          0          0          0          0          0   _printf_d.o
       120         16          0          0          0         92   _printf_dec.o
         6          0          0          0          0          0   _printf_e.o
         6          0          0          0          0          0   _printf_f.o
      1054          0          0          0          0        216   _printf_fp_dec.o
       764          8         38          0          0        100   _printf_fp_hex.o
       128         16          0          0          0         84   _printf_fp_infnan.o
         6          0          0          0          0          0   _printf_g.o
       148          4         40          0          0        160   _printf_hex_int_ll_ptr.o
         6          0          0          0          0          0   _printf_i.o
       178          0          0          0          0         88   _printf_intcommon.o
        10          0          0          0          0          0   _printf_l.o
         6          0          0          0          0          0   _printf_lc.o
        10          0          0          0          0          0   _printf_ll.o
         6          0          0          0          0          0   _printf_lld.o
         6          0          0          0          0          0   _printf_lli.o
         6          0          0          0          0          0   _printf_llo.o
         6          0          0          0          0          0   _printf_llu.o
         6          0          0          0          0          0   _printf_llx.o
       124         16          0          0          0         92   _printf_longlong_dec.o
         6          0          0          0          0          0   _printf_ls.o
         6          0          0          0          0          0   _printf_n.o
         6          0          0          0          0          0   _printf_o.o
       112         10          0          0          0        124   _printf_oct_int_ll.o
         6          0          0          0          0          0   _printf_p.o
        78          0          0          0          0        108   _printf_pad.o
         0          0          0          0          0          0   _printf_percent.o
         4          0          0          0          0          0   _printf_percent_end.o
         6          0          0          0          0          0   _printf_s.o
        82          0          0          0          0         80   _printf_str.o
        36          0          0          0          0         84   _printf_truncate.o
         6          0          0          0          0          0   _printf_u.o
        44          0          0          0          0        108   _printf_wchar.o
       188          6          8          0          0         92   _printf_wctomb.o
         6          0          0          0          0          0   _printf_x.o
        22          0          0          0          0        100   _rserrno.o
        10          0          0          0          0         68   _sputc.o
       158          0          0          0          0         92   _strtoul.o
        64          0          0          0          0         92   _wcrtomb.o
        16          0          0          0          0         68   aeabi_memset.o
        26          0          0          0          0         80   atoi.o
       228          4        148          0          0         96   bigflt0.o
      1936        128          0          0          0        672   btod.o
        18          0          0          0          0         80   exit.o
         8          0          0          0          0         68   ferror.o
         6          0          0          0          0        152   heapauxi.o
        44         10        272          0          0         76   lc_ctype_c.o
        44         10         28          0          0         76   lc_numeric_c.o
         2          0          0          0          0          0   libinit.o
        34          0          0          0          0          0   libinit2.o
         2          0          0          0          0          0   libshutdown.o
         2          0          0          0          0          0   libshutdown2.o
         8          4          0          0         96         68   libspace.o
        72          0          0          0          0         76   llsdiv.o
       138          0          0          0          0         80   lludiv10.o
       238          0          0          0          0        100   lludivv7m.o
        88          0          0          0          0         76   memcmp.o
        16          4          0          0          0         76   rt_ctype_table.o
         8          4          0          0          0         68   rt_errno_addr_intlibspace.o
         8          4          0          0          0         68   rt_locale_intlibspace.o
        68          0          0          0          0         68   rt_memclr.o
        78          0          0          0          0         80   rt_memclr_w.o
       138          0          0          0          0         68   rt_memcpy_v6.o
       100          0          0          0          0         80   rt_memcpy_w.o
         2          0          0          0          0          0   rtexit.o
        10          0          0          0          0          0   rtexit2.o
        24          0          0          0          0         68   strcat.o
       128          0          0          0          0         68   strcmpv7m.o
        72          0          0          0          0         80   strcpy.o
        32          0          0          0          0         80   strcspn.o
        62          0          0          0          0         76   strlen.o
        28          0          0          0          0         80   strspn.o
        36          0          0          0          0         80   strstr.o
        12          6          0          4          0         68   strtok.o
        68          4          0          0          0         84   strtok_int.o
       112          0          0          0          0         88   strtol.o
        74          0          0          0          0         80   sys_stackheap_outer.o
         2          0          0          0          0         68   use_no_semi.o
         2          0          0          0          0         68   use_no_semi_2.o
        12          4          0          0          0         68   vprintf.o
        24          0          0          0          0        164   basic.o
        98          4          0          0          0        140   d2f.o
       826         16          0          0          0        492   daddsub_clz.o
        24          0          0          0          0        116   dcmpi.o
       688        140          0          0          0        256   ddiv.o
       120          4          0          0          0        140   deqf.o
        90          4          0          0          0        140   dfixu.o
        84          0          0          0          0        232   dflt_clz.o
       120          4          0          0          0        140   dleqf.o
       340         12          0          0          0        152   dmul.o
       156          4          0          0          0        140   dnaninf.o
        12          0          0          0          0        116   dretinf.o
       108          0          0          0          0        128   drleqf.o
       408         56          0          0          0        168   dsqrt_umaal.o
        86          4          0          0          0        132   f2d.o
       140          4          0          0          0        132   fnaninf.o
        10          0          0          0          0        116   fpinit.o
        10          0          0          0          0        116   fretinf.o
         4          0          0          0          0        116   printf1.o
         4          0          0          0          0        116   printf2.o
         0          0          0          0          0          0   usenofp.o
       864         94         80          0          0        280   asin.o
       744        106        152          0          0        352   atan.o
       512         64          0          0          0        208   atan2.o
       104         16          0          0          0        496   dunder.o
        24          0          0          0          0        124   fabs.o
        48          0          0          0          0        124   fpclassify.o
       248          0          0          0          0        152   poly.o
         0          0          8          0          0          0   qnan.o
       232          0          0          0          0        296   sqrt.o

    ----------------------------------------------------------------------
     14474        822        796          4         96      11212   Library Totals
        24          0          5          0          0          0   (incl. Padding)

    ----------------------------------------------------------------------

      Code (inc. data)   RO Data    RW Data    ZI Data      Debug   Library Name

      8322        290        551          4         96       5928   c_w.l
      3352        252          0          0          0       3252   fz_wm.l
      2776        280        240          0          0       2032   m_wm.l

    ----------------------------------------------------------------------
     14474        822        796          4         96      11212   Library Totals

    ----------------------------------------------------------------------

==============================================================================


      Code (inc. data)   RO Data    RW Data    ZI Data      Debug   

    246802       6938     100058       1080     128328    4475630   Grand Totals
    246802       6938     100058        252     128328    4475630   ELF Image Totals (compressed)
    246802       6938     100058        252          0          0   ROM Totals

==============================================================================

    Total RO  Size (Code + RO Data)               346860 ( 338.73kB)
    Total RW  Size (RW Data + ZI Data)            129408 ( 126.38kB)
    Total ROM Size (Code + RO Data + RW Data)     347112 ( 338.98kB)

==============================================================================

